// Jest Snapshot v1, https://goo.gl/fbAQLP

exports[`With React Testing Library Snapshot Should match Snapshot 1`] = `
<DocumentFragment>
  .c0 {
  font-size: 50px;
  color: #0070f3;
}

<h1
    class="c0"
  >
    My page
  </h1>
</DocumentFragment>
`;
